################################################################################
#                                                                              #
#      IAR Universal Linker V6.4.6.89                                          #
#                                                                              #
#           Link time     =  09/Dec/2016  18:28:56                             #
#           Target CPU    =  MSP430                                            #
#           List file     =  "C:\Users\gilre\Documents\Character Hero\Debug\Li #
#                            st\Character Hero.map"                            #
#           Output file 1 =  "C:\Users\gilre\Documents\Character Hero\Debug\Ex #
#                            e\Character Hero.d43"                             #
#                            Format: ubrof10                                   #
#                            UBROF version 10.0.6                              #
#                            Using library modules for C-SPY (-rt)             #
#           Command line  =  "C:\Users\gilre\Documents\Character Hero\Debug\Ob #
#                            j\asm.r43"                                        #
#                            -o                                                #
#                            "C:\Users\gilre\Documents\Character Hero\Debug\Ex #
#                            e\Character Hero.d43"                             #
#                            -l                                                #
#                            "C:\Users\gilre\Documents\Character Hero\Debug\Li #
#                            st\Character Hero.map"                            #
#                            -xms                                              #
#                            "-IC:\Program Files (x86)\IAR Systems\Embedded Wo #
#                            rkbench 7.4\430\LIB\"                             #
#                            -f                                                #
#                            "C:\Program Files (x86)\IAR Systems\Embedded Work #
#                            bench 7.4\430\config\linker\lnk430g2553.xcl"      #
#                            (-cmsp430 -QCODE_I=CODE_ID -QTLS16_I=TLS16_ID     #
#                            -Z(CONST)INFO=1000-10FF                           #
#                            -Z(CONST)INFOA=10C0-10FF                          #
#                            -Z(CONST)INFOB=1080-10BF                          #
#                            -Z(CONST)INFOC=1040-107F                          #
#                            -Z(CONST)INFOD=1000-103F                          #
#                            -Z(DATA)DATA16_I,DATA16_Z,DATA16_N,TLS16_I=0200-0 #
#                            3FF                                               #
#                            -Z(DATA)DATA16_HEAP+_DATA16_HEAP_SIZE             #
#                            -Z(DATA)CODE_I -Z(DATA)CSTACK+_STACK_SIZE#        #
#                            -Z(CONST)DATA16_C,DATA16_ID,TLS16_ID,DIFUNCT,CHEC #
#                            KSUM=C000-FFDD                                    #
#                            -Z(CODE)CSTART,ISR_CODE,CODE_ID=C000-FFDD         #
#                            -P(CODE)CODE=C000-FFDD                            #
#                            -Z(CONST)SIGNATURE=FFDE-FFDF                      #
#                            -Z(CODE)INTVEC=FFE0-FFFF                          #
#                            -Z(CODE)RESET=FFFE-FFFF) -D_STACK_SIZE=50 -rt     #
#                            -D_DATA16_HEAP_SIZE=50 -D_DATA20_HEAP_SIZE=50     #
#                                                                              #
#                           Copyright (C) 1987-2016 IAR Systems AB.            #
################################################################################





                ****************************************
                *                                      *
                *           CROSS REFERENCE            *
                *                                      *
                ****************************************

                  There are no program entries.


                ****************************************
                *                                      *
                *    AUTOMATIC SYMBOL REDIRECTIONS     *
                *                                      *
                ****************************************

                  There are no automatic symbol redirections.



                ****************************************
                *                                      *
                *              MODULE MAP              *
                *                                      *
                ****************************************


  DEFINED ABSOLUTE ENTRIES
    *************************************************************************

  DEFINED ABSOLUTE ENTRIES
  PROGRAM MODULE, NAME : ?ABS_ENTRY_MOD

Absolute parts
           ENTRY                   ADDRESS         REF BY
           =====                   =======         ======
           _DATA20_HEAP_SIZE       0050 
           _DATA16_HEAP_SIZE       0050 
           _STACK_SIZE             0050 
    *************************************************************************

  FILE NAME : C:\Users\gilre\Documents\Character Hero\Debug\Obj\asm.r43
  PROGRAM MODULE, NAME : main

Absolute parts
     0200 - 022D
     C000 - C947
     FFE6 - FFE7
     FFFE - FFFF
           ENTRY                   ADDRESS         REF BY
           =====                   =======         ======
           main                    C7F6 
           LOCAL                   ADDRESS         
           =====                   =======         
           __MSP430G2203__         0000 
           sequence                0200 
           display                 0216 
           delay                   022A 
           gameSpeed               022C 
           subDelay                C000 
           loop                    C006 
           subInitLCD              C00E 
           subWelcomeMsg           C132 
           subInitGameScreen       C422 
           subDecrementScore       C57A 
           subGameOver             C6C8 
           subIncrementStreak      C5CE 
           subIncrementScore       C5F0 
           fin                     C946 
           subGameWin              C636 
           RESET                   C7F8 
           gameLoop                C84C 
           continue                C8FA 
           PBISR                   C900 
           button2                 C91A 
           button3                 C930 



                ****************************************
                *                                      *
                *      SEGMENTS IN ADDRESS ORDER       *
                *                                      *
                ****************************************


SEGMENT              SPACE    START ADDRESS   END ADDRESS     SIZE  TYPE  ALIGN
=======              =====    =============   ===========     ====  ====  =====
                                       0200 - 022D              2E  aseg  
                                       C000 - C947             948  aseg  
                                       FFE6 - FFE7               2  aseg  
                                       FFFE - FFFF               2  aseg  

                ****************************************
                *                                      *
                *        END OF CROSS REFERENCE        *
                *                                      *
                ****************************************

 0 bytes of CODE memory (+ 2 426 absolute )

Errors: none
Warnings: none

